20240326_113323
20240326_113628
